Microchip MPLAB XC8 Compiler V1.36 ()

Linker command line:

--edf=/opt/microchip/xc8/v1.36/dat/en_msgs.txt -cs -h+pic18F4580.sym \
  --cmf=pic18F4580.cmf -z -Q18F4580 -o/tmp/xcXB8y6ka -Mpic18F4580.map \
  -ver=XC8 -ASTACK=01C6h-05ffh -pstack=STACK -ACODE=00h-03000h \
  -ACONST=00h-03000h -ASMALLCONST=0600h-06FFhx42,03000h-03000h \
  -AMEDIUMCONST=0600h-03000h -ACOMRAM=01h-05Fh -AABS1=00h-05FFh \
  -ABIGRAM=01h-05FFh -ARAM=060h-0FFh,0100h-01FFhx5 -ABANK0=060h-0FFh \
  -ABANK1=0100h-01FFh -ABANK2=0200h-02FFh -ABANK3=0300h-03FFh \
  -ABANK4=0400h-04FFh -ABANK5=0500h-05FFh \
  -ASFR=0D00h-0DFFhx2,0F00h-0F5Fh,0F60h-0FFFh \
  -preset_vec=00h,intcode,intcodelo,powerup,init,end_init -pramtop=0600h \
  -psmallconst=SMALLCONST -pmediumconst=MEDIUMCONST -pconst=CONST \
  -AFARRAM=00h-00h -ACONFIG=0300000h-030000Dh -pconfig=CONFIG \
  -AIDLOC=0200000h-0200007h -pidloc=IDLOC -AEEDATA=0F00000h-0F000FFh \
  -peeprom_data=EEDATA \
  -prdata=COMRAM,nvrram=COMRAM,nvbit=COMRAM,rbss=COMRAM,rbit=COMRAM \
  -pfarbss=FARRAM,fardata=FARRAM,nvFARRAM=FARRAM \
  -pintsave_regs=BIGRAM,bigbss=BIGRAM,bigdata=BIGRAM -pbss=RAM \
  -pidata=CODE,irdata=CODE,ibigdata=CODE,ifardata=CODE -prparam=COMRAM \
  startup.obj pic18F4580.obj 

Object code version is 3.11

Machine type is 18F4580

Call graph: (short form)




                Name                               Link     Load   Length Selector   Space Scale
startup.obj     end_init                              0        0        4        0       0
pic18F4580.obj  mediumconst                        2EFC     2EFC      104     177E       0
                text42                             166C     166C       AE      B36       0
                text41                             171A     171A       E6      B8D       0
                text40                             1800     1800       F4      C00       0
                text39                             1248     1248       52      924       0
                text38                             11BE     11BE       42      8DF       0
                text37                              FD0      FD0       24      7E8       0
                text36                              FF4      FF4       26      7FA       0
                text35                             101A     101A       28      80D       0
                text34                             134A     134A       60      9A5       0
                text33                             14F8     14F8       78      A7C       0
                text32                             1142     1142       3E      8A1       0
                text31                             2078     2078      38C     103C       0
                text30                              EEC      EEC        C      776       0
                text29                             129A     129A       52      94D       0
                text28                              EBE      EBE        6      75F       0
                text27                              EC4      EC4        8      762       0
                text26                              ECC      ECC        8      766       0
                text25                              EF8      EF8        C      77C       0
                text24                              ED4      ED4        8      76A       0
                text23                              EDC      EDC        8      76E       0
                text22                              EE4      EE4        8      772       0
                text21                              F04      F04        C      782       0
                text20                             1042     1042       2A      821       0
                text19                             12EC     12EC       5E      976       0
                text18                             106C     106C       2A      836       0
                text17                             13AA     13AA       68      9D5       0
                text16                              F90      F90       20      7C8       0
                text15                             1096     1096       36      84B       0
                text14                              F72      F72       1E      7B9       0
                text13                             1200     1200       48      900       0
                text12                              F44      F44       16      7A2       0
                text11                              F1E      F1E       12      78F       0
                text10                             1180     1180       3E      8C0       0
                text9                               FB0      FB0       20      7D8       0
                text8                               F5A      F5A       18      7AD       0
                text7                              1D8C     1D8C      2EC      EC6       0
                text6                              1106     1106       3C      883       0
                text5                              15E8     15E8       84      AF4       0
                text4                              1412     1412       70      A09       0
                text3                              1ABE     1ABE      2CE      D5F       0
                text2                              18F4     18F4      1CA      C7A       0
                text1                              10CC     10CC       3A      866       0
                text0                              2404     2404      AF8     1202       0
                cstackCOMRAM                          1        1       3A        1       1
                cstackBANK1                         100      100       B9      100       1
                dataBANK1                           1B9      1B9        D      100       1
                dataBANK0                            60       60       78       60       1
                dataCOMRAM                           3B       3B       13        1       1
                bssCOMRAM                            4E       4E       12        1       1
                cinit                              1482     1482       76      A41       0
                idataBANK1                          F11      F11        D      F11       0
                idataBANK0                         1570     1570       78     1570       0
                idataCOMRAM                         F31      F31       13      F31       0

TOTAL           Name                               Link     Load   Length     Space
        CLASS   STACK          

        CLASS   CODE           
                end_init                              0        0        4         0
                text42                             166C     166C       AE         0
                text41                             171A     171A       E6         0
                text40                             1800     1800       F4         0
                text39                             1248     1248       52         0
                text38                             11BE     11BE       42         0
                text37                              FD0      FD0       24         0
                text36                              FF4      FF4       26         0
                text35                             101A     101A       28         0
                text34                             134A     134A       60         0
                text33                             14F8     14F8       78         0
                text32                             1142     1142       3E         0
                text31                             2078     2078      38C         0
                text30                              EEC      EEC        C         0
                text29                             129A     129A       52         0
                text28                              EBE      EBE        6         0
                text27                              EC4      EC4        8         0
                text26                              ECC      ECC        8         0
                text25                              EF8      EF8        C         0
                text24                              ED4      ED4        8         0
                text23                              EDC      EDC        8         0
                text22                              EE4      EE4        8         0
                text21                              F04      F04        C         0
                text20                             1042     1042       2A         0
                text19                             12EC     12EC       5E         0
                text18                             106C     106C       2A         0
                text17                             13AA     13AA       68         0
                text16                              F90      F90       20         0
                text15                             1096     1096       36         0
                text14                              F72      F72       1E         0
                text13                             1200     1200       48         0
                text12                              F44      F44       16         0
                text11                              F1E      F1E       12         0
                text10                             1180     1180       3E         0
                text9                               FB0      FB0       20         0
                text8                               F5A      F5A       18         0
                text7                              1D8C     1D8C      2EC         0
                text6                              1106     1106       3C         0
                text5                              15E8     15E8       84         0
                text4                              1412     1412       70         0
                text3                              1ABE     1ABE      2CE         0
                text2                              18F4     18F4      1CA         0
                text1                              10CC     10CC       3A         0
                text0                              2404     2404      AF8         0
                cinit                              1482     1482       76         0
                idataBANK1                          F11      F11        D         0
                idataBANK0                         1570     1570       78         0
                idataCOMRAM                         F31      F31       13         0

        CLASS   CONST          

        CLASS   SMALLCONST     

        CLASS   MEDIUMCONST    
                mediumconst                        2EFC     2EFC      104         0

        CLASS   COMRAM         
                cstackCOMRAM                          1        1       3A         1
                dataCOMRAM                           3B       3B       13         1
                bssCOMRAM                            4E       4E       12         1

        CLASS   ABS1           

        CLASS   BIGRAM         

        CLASS   RAM            

        CLASS   BANK0          
                dataBANK0                            60       60       78         1

        CLASS   BANK1          
                cstackBANK1                         100      100       B9         1
                dataBANK1                           1B9      1B9        D         1

        CLASS   BANK2          

        CLASS   BANK3          

        CLASS   BANK4          

        CLASS   BANK5          

        CLASS   SFR            

        CLASS   FARRAM         

        CLASS   CONFIG         

        CLASS   IDLOC          

        CLASS   EEDATA         



SEGMENTS        Name                           Load    Length   Top    Selector   Space  Class

                reset_vec                      000000  000004  000004         0       0  CODE    
                cstackCOMRAM                   000001  00005F  000060         1       1  COMRAM  
                dataBANK0                      000060  000078  0000D8        60       1  BANK0   
                cstackBANK1                    000100  0000C6  0001C6       100       1  BANK1   
                text28                         000EBE  000006  000EC4       75F       0  CODE    
                text27                         000EC4  000008  000ECC       762       0  CODE    
                text26                         000ECC  000008  000ED4       766       0  CODE    
                text24                         000ED4  000008  000EDC       76A       0  CODE    
                text23                         000EDC  000008  000EE4       76E       0  CODE    
                text22                         000EE4  000008  000EEC       772       0  CODE    
                text30                         000EEC  00000C  000EF8       776       0  CODE    
                text25                         000EF8  00000C  000F04       77C       0  CODE    
                text21                         000F04  00000C  000F10       782       0  CODE    
                idataBANK1                     000F11  00000D  000F1E       F11       0  CODE    
                text11                         000F1E  000012  000F30       78F       0  CODE    
                idataCOMRAM                    000F31  000013  000F44       F31       0  CODE    
                text12                         000F44  000016  000F5A       7A2       0  CODE    
                text8                          000F5A  000018  000F72       7AD       0  CODE    
                text14                         000F72  00001E  000F90       7B9       0  CODE    
                text16                         000F90  000020  000FB0       7C8       0  CODE    
                text9                          000FB0  000020  000FD0       7D8       0  CODE    
                text37                         000FD0  000024  000FF4       7E8       0  CODE    
                text36                         000FF4  000026  00101A       7FA       0  CODE    
                text35                         00101A  000028  001042       80D       0  CODE    
                text20                         001042  00002A  00106C       821       0  CODE    
                text18                         00106C  00002A  001096       836       0  CODE    
                text15                         001096  000036  0010CC       84B       0  CODE    
                text1                          0010CC  00003A  001106       866       0  CODE    
                text6                          001106  00003C  001142       883       0  CODE    
                text32                         001142  00003E  001180       8A1       0  CODE    
                text10                         001180  00003E  0011BE       8C0       0  CODE    
                text38                         0011BE  000042  001200       8DF       0  CODE    
                text13                         001200  000048  001248       900       0  CODE    
                text39                         001248  000052  00129A       924       0  CODE    
                text29                         00129A  000052  0012EC       94D       0  CODE    
                text19                         0012EC  00005E  00134A       976       0  CODE    
                text34                         00134A  000060  0013AA       9A5       0  CODE    
                text17                         0013AA  000068  001412       9D5       0  CODE    
                text4                          001412  000070  001482       A09       0  CODE    
                cinit                          001482  000076  0014F8       A41       0  CODE    
                text33                         0014F8  000078  001570       A7C       0  CODE    
                idataBANK0                     001570  000078  0015E8      1570       0  CODE    
                text5                          0015E8  000084  00166C       AF4       0  CODE    
                text42                         00166C  0000AE  00171A       B36       0  CODE    
                text41                         00171A  0000E6  001800       B8D       0  CODE    
                text40                         001800  0000F4  0018F4       C00       0  CODE    
                text2                          0018F4  0001CA  001ABE       C7A       0  CODE    
                text3                          001ABE  0002CE  001D8C       D5F       0  CODE    
                text7                          001D8C  0002EC  002078       EC6       0  CODE    
                text31                         002078  00038C  002404      103C       0  CODE    
                text0                          002404  000AF8  002EFC      1202       0  CODE    
                mediumconst                    002EFC  000104  003000      177E       0  MEDIUMCO


UNUSED ADDRESS RANGES

        Name                Unused          Largest block    Delta
        BANK0            00D8-00FF             28
        BANK1            01C6-01FF             3A
        BANK2            0200-02FF            100
        BANK3            0300-03FF            100
        BANK4            0400-04FF            100
        BANK5            0500-05FF            100
        BIGRAM           00D8-00FF             28
                         01C6-05FF            43A
        CODE             0004-0EBD            EBA
                         0F10-0F10              1
                         0F30-0F30              1
                         3000-3000              1
        CONFIG           300000-30000D              E
        CONST            0004-0EBD            EBA
                         0F10-0F10              1
                         0F30-0F30              1
                         3000-3000              1
        EEDATA           F00000-F000FF            100
        IDLOC            200000-200007              8
        MEDIUMCONST      0600-0EBD            8BE
                         0F10-0F10              1
                         0F30-0F30              1
                         3000-3000              1
        RAM              00D8-00FF             28
                         01C6-05FF            100
        SFR              0D00-0FFF            100
        SMALLCONST       0600-0EBD            100
                         0F10-0F10              1
                         0F30-0F30              1
                         3000-3000              1
        STACK            01C6-05FF            43A

                                  Symbol Table

?___awdiv                    cstackCOMRAM 0001
?___awmod                    cstackCOMRAM 0001
?___ftdiv                    cstackCOMRAM 000C
?___ftpack                   cstackCOMRAM 0001
?___fttol                    cstackCOMRAM 001B
?___lwdiv                    cstackCOMRAM 0006
?___lwmod                    cstackCOMRAM 0001
?___lwtoft                   cstackCOMRAM 0009
?___wmul                     cstackCOMRAM 0001
?_read_adc                   cstackCOMRAM 0001
_ABDEN                       (abs)        7DC0
_ABDOVF                      (abs)        7DC7
_ACKDT                       (abs)        7E2D
_ACKEN                       (abs)        7E2C
_ACKSTAT                     (abs)        7E2E
_ACQT0                       (abs)        7E03
_ACQT1                       (abs)        7E04
_ACQT2                       (abs)        7E05
_ADCON0                      (abs)        0FC2
_ADCON1                      (abs)        0FC1
_ADCS0                       (abs)        7E00
_ADCS1                       (abs)        7E01
_ADCS2                       (abs)        7E02
_ADDEN                       (abs)        7D5B
_ADFM                        (abs)        7E07
_ADON                        (abs)        7E10
_ADRESH                      (abs)        0FC4
_ADRESL                      (abs)        0FC3
_BCLIF                       (abs)        7D0B
_BRG16                       (abs)        7DC3
_BRGH                        (abs)        7D62
_CKE                         (abs)        7E3E
_CREN                        (abs)        7D5C
_CSRC                        (abs)        7D67
_FERR                        (abs)        7D5A
_GO                          (abs)        7E11
_GODONE                      (abs)        7E11
_OERR                        (abs)        7D59
_PEN                         (abs)        7E2A
_PORTB                       (abs)        0F81
_PORTBbits                   (abs)        0F81
_PORTD                       (abs)        0F83
_RB0                         (abs)        7C08
_RBPU                        (abs)        7F8F
_RC0                         (abs)        7C10
_RC1                         (abs)        7C11
_RC2                         (abs)        7C12
_RCEN                        (abs)        7E2B
_RCIDL                       (abs)        7DC6
_RCIE                        (abs)        7CED
_RCIF                        (abs)        7CF5
_RCREG                       (abs)        0FAE
_RD7                         (abs)        7C1F
_RSEN                        (abs)        7E29
_RX9                         (abs)        7D5E
_RX9D                        (abs)        7D58
_SCKP                        (abs)        7DC4
_SEN                         (abs)        7E28
_SENDB                       (abs)        7D63
_SMP                         (abs)        7E3F
_SPBRG                       (abs)        0FAF
_SPEN                        (abs)        7D5F
_SREN                        (abs)        7D5D
_SSPADD                      (abs)        0FC8
_SSPBUF                      (abs)        0FC9
_SSPCON1                     (abs)        0FC6
_SSPIF                       (abs)        7CF3
_SYNC                        (abs)        7D64
_TRISB                       (abs)        0F93
_TRISB0                      (abs)        7C98
_TRISC                       (abs)        0F94
_TRISC3                      (abs)        7CA3
_TRISC4                      (abs)        7CA4
_TRISC6                      (abs)        7CA6
_TRISC7                      (abs)        7CA7
_TRISD                       (abs)        0F95
_TRISD7                      (abs)        7CAF
_TRMT                        (abs)        7D61
_TX9                         (abs)        7D66
_TX9D                        (abs)        7D60
_TXEN                        (abs)        7D65
_TXIE                        (abs)        7CEC
_TXIF                        (abs)        7CF4
_TXREG                       (abs)        0FAD
_VCFG0                       (abs)        7E0C
_VCFG1                       (abs)        7E0D
_WUE                         (abs)        7DC1
__HRAM                       (abs)        0000
__Habs1                      abs1         0000
__Hbank0                     bank0        0000
__Hbank1                     bank1        0000
__Hbank2                     bank2        0000
__Hbank3                     bank3        0000
__Hbank4                     bank4        0000
__Hbank5                     bank5        0000
__Hbigbss                    bigbss       0000
__Hbigdata                   bigdata      0000
__Hbigram                    bigram       0000
__Hbss                       bss          0000
__HbssCOMRAM                 bssCOMRAM    0000
__Hcinit                     cinit        0000
__Hclrtext                   clrtext      0000
__Hcomram                    comram       0000
__Hconfig                    config       0000
__Hconst                     const        0000
__HcstackBANK1               cstackBANK1  0000
__HcstackCOMRAM              cstackCOMRAM 0000
__Hdata                      data         0000
__HdataBANK0                 dataBANK0    0000
__HdataBANK1                 dataBANK1    0000
__HdataCOMRAM                dataCOMRAM   0000
__Heeprom_data               eeprom_data  0000
__Hend_init                  end_init     0004
__Hfarbss                    farbss       0000
__Hfardata                   fardata      0000
__Hibigdata                  ibigdata     0000
__Hidata                     idata        0000
__HidataBANK0                idataBANK0   0000
__HidataBANK1                idataBANK1   0000
__HidataCOMRAM               idataCOMRAM  0000
__Hidloc                     idloc        0000
__Hifardata                  ifardata     0000
__Hinit                      init         0000
__Hintcode                   intcode      0000
__Hintcode_body              intcode_body 0000
__Hintcodelo                 intcodelo    0000
__Hintentry                  intentry     0000
__Hintret                    intret       0000
__Hintsave_regs              intsave_regs 0000
__Hirdata                    irdata       0000
__Hmediumconst               mediumconst  3000
__HnvFARRAM                  nvFARRAM     0000
__Hnvbit                     nvbit        0000
__Hnvrram                    nvrram       0000
__Hparam                     rparam       0000
__Hpowerup                   powerup      0000
__Hram                       ram          0000
__Hramtop                    ramtop       0600
__Hrbit                      rbit         0000
__Hrbss                      rbss         0000
__Hrdata                     rdata        0000
__Hreset_vec                 reset_vec    0000
__Hrparam                    rparam       0000
__Hsfr                       sfr          0000
__Hsmallconst                smallconst   0000
__Hspace_0                   (abs)        3000
__Hspace_1                   (abs)        01C6
__Hspace_2                   (abs)        0000
__Hstack                     stack        0000
__Hstruct                    struct       0000
__Htemp                      temp         0000
__Htext                      text         0000
__Htext0                     text0        0000
__Htext1                     text1        0000
__Htext10                    text10       0000
__Htext11                    text11       0000
__Htext12                    text12       0000
__Htext13                    text13       0000
__Htext14                    text14       0000
__Htext15                    text15       0000
__Htext16                    text16       0000
__Htext17                    text17       0000
__Htext18                    text18       0000
__Htext19                    text19       0000
__Htext2                     text2        0000
__Htext20                    text20       0000
__Htext21                    text21       0000
__Htext22                    text22       0000
__Htext23                    text23       0000
__Htext24                    text24       0000
__Htext25                    text25       0000
__Htext26                    text26       0000
__Htext27                    text27       0000
__Htext28                    text28       0000
__Htext29                    text29       0000
__Htext3                     text3        0000
__Htext30                    text30       0000
__Htext31                    text31       0000
__Htext32                    text32       0000
__Htext33                    text33       0000
__Htext34                    text34       0000
__Htext35                    text35       0000
__Htext36                    text36       0000
__Htext37                    text37       0000
__Htext38                    text38       0000
__Htext39                    text39       0000
__Htext4                     text4        0000
__Htext40                    text40       0000
__Htext41                    text41       0000
__Htext42                    text42       0000
__Htext5                     text5        0000
__Htext6                     text6        0000
__Htext7                     text7        0000
__Htext8                     text8        0000
__Htext9                     text9        0000
__LRAM                       (abs)        0001
__Labs1                      abs1         0000
__Lbank0                     bank0        0000
__Lbank1                     bank1        0000
__Lbank2                     bank2        0000
__Lbank3                     bank3        0000
__Lbank4                     bank4        0000
__Lbank5                     bank5        0000
__Lbigbss                    bigbss       0000
__Lbigdata                   bigdata      0000
__Lbigram                    bigram       0000
__Lbss                       bss          0000
__LbssCOMRAM                 bssCOMRAM    0000
__Lcinit                     cinit        0000
__Lclrtext                   clrtext      0000
__Lcomram                    comram       0000
__Lconfig                    config       0000
__Lconst                     const        0000
__LcstackBANK1               cstackBANK1  0000
__LcstackCOMRAM              cstackCOMRAM 0000
__Ldata                      data         0000
__LdataBANK0                 dataBANK0    0000
__LdataBANK1                 dataBANK1    0000
__LdataCOMRAM                dataCOMRAM   0000
__Leeprom_data               eeprom_data  0000
__Lend_init                  end_init     0000
__Lfarbss                    farbss       0000
__Lfardata                   fardata      0000
__Libigdata                  ibigdata     0000
__Lidata                     idata        0000
__LidataBANK0                idataBANK0   0000
__LidataBANK1                idataBANK1   0000
__LidataCOMRAM               idataCOMRAM  0000
__Lidloc                     idloc        0000
__Lifardata                  ifardata     0000
__Linit                      init         0000
__Lintcode                   intcode      0000
__Lintcode_body              intcode_body 0000
__Lintcodelo                 intcodelo    0000
__Lintentry                  intentry     0000
__Lintret                    intret       0000
__Lintsave_regs              intsave_regs 0000
__Lirdata                    irdata       0000
__Lmediumconst               mediumconst  2EFC
__LnvFARRAM                  nvFARRAM     0000
__Lnvbit                     nvbit        0000
__Lnvrram                    nvrram       0000
__Lparam                     rparam       0000
__Lpowerup                   powerup      0000
__Lram                       ram          0000
__Lramtop                    ramtop       0600
__Lrbit                      rbit         0000
__Lrbss                      rbss         0000
__Lrdata                     rdata        0000
__Lreset_vec                 reset_vec    0000
__Lrparam                    rparam       0000
__Lsfr                       sfr          0000
__Lsmallconst                smallconst   0000
__Lspace_0                   (abs)        0000
__Lspace_1                   (abs)        0000
__Lspace_2                   (abs)        0000
__Lstack                     stack        0000
__Lstruct                    struct       0000
__Ltemp                      temp         0000
__Ltext                      text         0000
__Ltext0                     text0        0000
__Ltext1                     text1        0000
__Ltext10                    text10       0000
__Ltext11                    text11       0000
__Ltext12                    text12       0000
__Ltext13                    text13       0000
__Ltext14                    text14       0000
__Ltext15                    text15       0000
__Ltext16                    text16       0000
__Ltext17                    text17       0000
__Ltext18                    text18       0000
__Ltext19                    text19       0000
__Ltext2                     text2        0000
__Ltext20                    text20       0000
__Ltext21                    text21       0000
__Ltext22                    text22       0000
__Ltext23                    text23       0000
__Ltext24                    text24       0000
__Ltext25                    text25       0000
__Ltext26                    text26       0000
__Ltext27                    text27       0000
__Ltext28                    text28       0000
__Ltext29                    text29       0000
__Ltext3                     text3        0000
__Ltext30                    text30       0000
__Ltext31                    text31       0000
__Ltext32                    text32       0000
__Ltext33                    text33       0000
__Ltext34                    text34       0000
__Ltext35                    text35       0000
__Ltext36                    text36       0000
__Ltext37                    text37       0000
__Ltext38                    text38       0000
__Ltext39                    text39       0000
__Ltext4                     text4        0000
__Ltext40                    text40       0000
__Ltext41                    text41       0000
__Ltext42                    text42       0000
__Ltext5                     text5        0000
__Ltext6                     text6        0000
__Ltext7                     text7        0000
__Ltext8                     text8        0000
__Ltext9                     text9        0000
__S0                         (abs)        3000
__S1                         (abs)        01C6
__S2                         (abs)        0000
___awdiv                     text5        15E8
___awdiv@counter             cstackCOMRAM 0005
___awdiv@dividend            cstackCOMRAM 0001
___awdiv@divisor             cstackCOMRAM 0003
___awdiv@quotient            cstackCOMRAM 0007
___awdiv@sign                cstackCOMRAM 0006
___awmod                     text4        1412
___awmod@counter             cstackCOMRAM 0005
___awmod@dividend            cstackCOMRAM 0001
___awmod@divisor             cstackCOMRAM 0003
___awmod@sign                cstackCOMRAM 0006
___ftdiv                     text41       171A
___ftdiv@cntr                cstackCOMRAM 0015
___ftdiv@exp                 cstackCOMRAM 0019
___ftdiv@f1                  cstackCOMRAM 000C
___ftdiv@f2                  cstackCOMRAM 000F
___ftdiv@f3                  cstackCOMRAM 0016
___ftdiv@sign                cstackCOMRAM 001A
___ftpack                    text42       166C
___ftpack@arg                cstackCOMRAM 0001
___ftpack@exp                cstackCOMRAM 0004
___ftpack@sign               cstackCOMRAM 0005
___fttol                     text40       1800
___fttol@exp1                cstackCOMRAM 0029
___fttol@f1                  cstackCOMRAM 001B
___fttol@lval                cstackCOMRAM 0025
___fttol@sign1               cstackCOMRAM 0024
___inthi_sp                  stack        0000
___intlo_sp                  stack        0000
___lwdiv                     text39       1248
___lwdiv@counter             cstackCOMRAM 000C
___lwdiv@dividend            cstackCOMRAM 0006
___lwdiv@divisor             cstackCOMRAM 0008
___lwdiv@quotient            cstackCOMRAM 000A
___lwmod                     text38       11BE
___lwmod@counter             cstackCOMRAM 0005
___lwmod@dividend            cstackCOMRAM 0001
___lwmod@divisor             cstackCOMRAM 0003
___lwtoft                    text37       0FD0
___lwtoft@c                  cstackCOMRAM 0009
___param_bank                (abs)        0010
___rparam_used               (abs)        0001
___sp                        stack        0000
___wmul                      text36       0FF4
___wmul@multiplicand         cstackCOMRAM 0003
___wmul@multiplier           cstackCOMRAM 0001
___wmul@product              cstackCOMRAM 0005
__accesstop                  (abs)        0060
__activetblptr               (abs)        0002
__end_of___awdiv             text5        166C
__end_of___awmod             text4        1482
__end_of___ftdiv             text41       1800
__end_of___ftpack            text42       171A
__end_of___fttol             text40       18F4
__end_of___lwdiv             text39       129A
__end_of___lwmod             text38       1200
__end_of___lwtoft            text37       0FF4
__end_of___wmul              text36       101A
__end_of__initialization     cinit        14EE
__end_of_changepass          text31       2404
__end_of_clcd_print          text34       13AA
__end_of_clcd_putch          text8        0F72
__end_of_clcd_write          text35       1042
__end_of_download            text19       134A
__end_of_get_time            text17       1412
__end_of_i2c_idle            text27       0ECC
__end_of_i2c_no_ack          text28       0EC4
__end_of_i2c_read            text25       0F04
__end_of_i2c_rep_start       text24       0EDC
__end_of_i2c_rx_mode         text26       0ED4
__end_of_i2c_start           text23       0EE4
__end_of_i2c_stop            text22       0EEC
__end_of_i2c_write           text21       0F10
__end_of_init_adc            text16       0FB0
__end_of_init_clcd           text15       10CC
__end_of_init_config         text9        0FD0
__end_of_init_ds1307         text13       1248
__end_of_init_i2c            text12       0F5A
__end_of_init_matrix_keypad  text11       0F30
__end_of_init_uart           text10       11BE
__end_of_main                text0        2EFC
__end_of_pass                text7        2078
__end_of_putch               text30       0EF8
__end_of_puts                text29       12EC
__end_of_readEEP             text20       106C
__end_of_read_adc            text6        1142
__end_of_read_ds1307         text18       1096
__end_of_read_switches       text32       1180
__end_of_scan_key            text33       1570
__end_of_settime             text3        1D8C
__end_of_view                text2        1ABE
__end_of_writeEEP            text1        1106
__end_of_write_ds1307        text14       0F90
__initialization             cinit        1482
__mediumconst                mediumconst  2EFC
__pbssCOMRAM                 bssCOMRAM    004E
__pcinit                     cinit        1482
__pcstackBANK1               cstackBANK1  0100
__pcstackCOMRAM              cstackCOMRAM 0001
__pdataBANK0                 dataBANK0    0060
__pdataBANK1                 dataBANK1    01B9
__pdataCOMRAM                dataCOMRAM   003B
__pidataBANK0                idataBANK0   1570
__pidataBANK1                idataBANK1   0F11
__pidataCOMRAM               idataCOMRAM  0F31
__pmediumconst               mediumconst  2EFC
__ptext0                     text0        2404
__ptext1                     text1        10CC
__ptext10                    text10       1180
__ptext11                    text11       0F1E
__ptext12                    text12       0F44
__ptext13                    text13       1200
__ptext14                    text14       0F72
__ptext15                    text15       1096
__ptext16                    text16       0F90
__ptext17                    text17       13AA
__ptext18                    text18       106C
__ptext19                    text19       12EC
__ptext2                     text2        18F4
__ptext20                    text20       1042
__ptext21                    text21       0F04
__ptext22                    text22       0EE4
__ptext23                    text23       0EDC
__ptext24                    text24       0ED4
__ptext25                    text25       0EF8
__ptext26                    text26       0ECC
__ptext27                    text27       0EC4
__ptext28                    text28       0EBE
__ptext29                    text29       129A
__ptext3                     text3        1ABE
__ptext30                    text30       0EEC
__ptext31                    text31       2078
__ptext32                    text32       1142
__ptext33                    text33       14F8
__ptext34                    text34       134A
__ptext35                    text35       101A
__ptext36                    text36       0FF4
__ptext37                    text37       0FD0
__ptext38                    text38       11BE
__ptext39                    text39       1248
__ptext4                     text4        1412
__ptext40                    text40       1800
__ptext41                    text41       171A
__ptext42                    text42       166C
__ptext5                     text5        15E8
__ptext6                     text6        1106
__ptext7                     text7        1D8C
__ptext8                     text8        0F5A
__ptext9                     text9        0FB0
__ramtop                     ramtop       0600
__size_of___awdiv            (abs)        0000
__size_of___awmod            (abs)        0000
__size_of___ftdiv            (abs)        0000
__size_of___ftpack           (abs)        0000
__size_of___fttol            (abs)        0000
__size_of___lwdiv            (abs)        0000
__size_of___lwmod            (abs)        0000
__size_of___lwtoft           (abs)        0000
__size_of___wmul             (abs)        0000
__size_of_changepass         (abs)        0000
__size_of_clcd_print         (abs)        0000
__size_of_clcd_putch         (abs)        0000
__size_of_clcd_write         (abs)        0000
__size_of_download           (abs)        0000
__size_of_get_time           (abs)        0000
__size_of_i2c_idle           (abs)        0000
__size_of_i2c_no_ack         (abs)        0000
__size_of_i2c_read           (abs)        0000
__size_of_i2c_rep_start      (abs)        0000
__size_of_i2c_rx_mode        (abs)        0000
__size_of_i2c_start          (abs)        0000
__size_of_i2c_stop           (abs)        0000
__size_of_i2c_write          (abs)        0000
__size_of_init_adc           (abs)        0000
__size_of_init_clcd          (abs)        0000
__size_of_init_config        (abs)        0000
__size_of_init_ds1307        (abs)        0000
__size_of_init_i2c           (abs)        0000
__size_of_init_matrix_keypad (abs)        0000
__size_of_init_uart          (abs)        0000
__size_of_main               (abs)        0000
__size_of_pass               (abs)        0000
__size_of_putch              (abs)        0000
__size_of_puts               (abs)        0000
__size_of_readEEP            (abs)        0000
__size_of_read_adc           (abs)        0000
__size_of_read_ds1307        (abs)        0000
__size_of_read_switches      (abs)        0000
__size_of_scan_key           (abs)        0000
__size_of_settime            (abs)        0000
__size_of_view               (abs)        0000
__size_of_writeEEP           (abs)        0000
__size_of_write_ds1307       (abs)        0000
__smallconst                 smallconst   0000
_changepass                  text31       2078
_clcd_print                  text34       134A
_clcd_putch                  text8        0F5A
_clcd_write                  text35       101A
_clock_reg                   bssCOMRAM    004E
_corrpass                    bssCOMRAM    0051
_download                    text19       12EC
_flag1                       bssCOMRAM    0053
_get_time                    text17       13AA
_i2c_idle                    text27       0EC4
_i2c_no_ack                  text28       0EBE
_i2c_read                    text25       0EF8
_i2c_rep_start               text24       0ED4
_i2c_rx_mode                 text26       0ECC
_i2c_start                   text23       0EDC
_i2c_stop                    text22       0EE4
_i2c_write                   text21       0F04
_init_adc                    text16       0F90
_init_clcd                   text15       1096
_init_config                 text9        0FB0
_init_ds1307                 text13       1200
_init_i2c                    text12       0F44
_init_matrix_keypad          text11       0F1E
_init_uart                   text10       1180
_key                         bssCOMRAM    0055
_main                        text0        2404
_pass                        text7        1D8C
_putch                       text30       0EEC
_puts                        text29       129A
_readEEP                     text20       1042
_read_adc                    text6        1106
_read_ds1307                 text18       106C
_read_switches               text32       1142
_scan_key                    text33       14F8
_set                         dataBANK1    01BD
_settime                     text3        1ABE
_str1                        dataCOMRAM   003B
_time                        bssCOMRAM    0057
_view                        text2        18F4
_writeEEP                    text1        10CC
_write_ds1307                text14       0F72
changepass@F15943            dataCOMRAM   0044
changepass@F15945            dataBANK0    00C6
changepass@blink             cstackCOMRAM 0035
changepass@delay             cstackCOMRAM 001E
changepass@flag              cstackCOMRAM 0022
changepass@flag1             cstackCOMRAM 0024
changepass@i                 cstackCOMRAM 002C
changepass@i_68              cstackCOMRAM 0020
changepass@i_70              cstackCOMRAM 002E
changepass@input             cstackCOMRAM 002A
changepass@input2            cstackCOMRAM 002B
changepass@j                 cstackCOMRAM 0026
changepass@j1                cstackCOMRAM 0028
changepass@k                 cstackCOMRAM 0031
changepass@k1                cstackCOMRAM 0033
changepass@key               cstackCOMRAM 0030
changepass@pass1             cstackCOMRAM 0015
changepass@pass2             cstackCOMRAM 000C
clcd_print@addr              cstackCOMRAM 0009
clcd_print@data              cstackCOMRAM 0007
clcd_putch@addr              cstackCOMRAM 0003
clcd_putch@data              cstackCOMRAM 0004
clcd_write@byte              cstackCOMRAM 0002
clcd_write@control_bit       cstackCOMRAM 0001
download@display             cstackCOMRAM 0004
download@i                   cstackCOMRAM 0016
download@less                cstackCOMRAM 0015
end_of_initialization        cinit        14EE
i2c_write@data               cstackCOMRAM 0001
init_ds1307@dummy            cstackCOMRAM 0004
intlevel0                    text         0000
intlevel1                    text         0000
intlevel2                    text         0000
intlevel3                    text         0000
main@F16002                  dataBANK1    01B9
main@F16006                  dataBANK0    0060
main@a                       cstackBANK1  019E
main@add                     cstackBANK1  01A0
main@c                       cstackBANK1  01A5
main@c1                      cstackBANK1  01A9
main@cl                      cstackBANK1  017D
main@clear                   cstackBANK1  0172
main@flag2                   cstackBANK1  016E
main@flag3                   cstackBANK1  0170
main@i                       cstackBANK1  017B
main@i_231                   cstackBANK1  019A
main@i_233                   cstackBANK1  01AD
main@i_234                   cstackBANK1  01A1
main@i_235                   cstackBANK1  019C
main@i_243                   cstackBANK1  0192
main@i_244                   cstackBANK1  01AF
main@i_247                   cstackBANK1  0196
main@j                       cstackBANK1  016A
main@k                       cstackBANK1  01B6
main@key                     cstackBANK1  01B2
main@option                  cstackBANK1  01A3
main@option1                 cstackBANK1  016C
main@save                    cstackBANK1  0190
main@sc                      cstackBANK1  01B7
main@speed                   cstackBANK1  0166
main@store                   cstackBANK1  017F
main@str                     cstackBANK1  0100
main@value                   cstackBANK1  01B1
pass@F15952                  dataBANK0    00CF
pass@blink                   cstackCOMRAM 0026
pass@delay                   cstackCOMRAM 001F
pass@flag                    cstackCOMRAM 002B
pass@i                       cstackCOMRAM 000C
pass@i_366                   cstackCOMRAM 002E
pass@i_371                   cstackCOMRAM 0022
pass@i_373                   cstackCOMRAM 0019
pass@input                   cstackCOMRAM 0021
pass@j                       cstackCOMRAM 0029
pass@k                       cstackCOMRAM 0030
pass@key                     cstackCOMRAM 0028
pass@m                       cstackCOMRAM 001B
pass@str2                    cstackCOMRAM 0010
pass@t                       cstackCOMRAM 001D
pass@try                     cstackCOMRAM 002D
pass@y                       cstackCOMRAM 000E
putch@byte                   cstackCOMRAM 0001
puts@s                       cstackCOMRAM 0002
readEEP@address              cstackCOMRAM 0002
readEEP@data                 cstackCOMRAM 0003
read_adc@channel             cstackCOMRAM 0007
read_adc@reg_val             cstackCOMRAM 0005
read_ds1307@address          cstackCOMRAM 0002
read_ds1307@data             cstackCOMRAM 0003
read_switches@detection_type cstackCOMRAM 0001
read_switches@key            bssCOMRAM    0056
read_switches@once           dataCOMRAM   004D
settime@blink                cstackCOMRAM 0016
settime@delay                cstackCOMRAM 000C
settime@flag                 cstackCOMRAM 0018
settime@k                    cstackCOMRAM 0010
settime@key                  cstackCOMRAM 000E
settime@l                    cstackCOMRAM 0012
settime@m                    cstackCOMRAM 0014
stackhi                      (abs)        05FF
stacklo                      (abs)        01C6
start                        init         0000
start_initialization         cinit        1482
view@count                   cstackCOMRAM 0032
view@count1                  cstackCOMRAM 0030
view@display                 cstackCOMRAM 000A
view@display1                cstackCOMRAM 001B
view@flag                    cstackCOMRAM 002F
view@i                       cstackCOMRAM 002C
view@i_440                   cstackCOMRAM 0034
view@i_441                   cstackCOMRAM 0036
view@key                     cstackCOMRAM 002E
view@read                    cstackCOMRAM 0038
writeEEP@address             cstackCOMRAM 0003
writeEEP@data                cstackCOMRAM 0002
writeEEP@i                   cstackCOMRAM 0004
write_ds1307@address         cstackCOMRAM 0003
write_ds1307@data            cstackCOMRAM 0002


FUNCTION INFORMATION:

 *************** function _main *****************
 Defined at:
		line 63 in file "main.c"
 Parameters:    Size  Location     Type
		None
 Auto vars:     Size  Location     Type
  i               4  150[BANK1 ] unsigned long 
  i               2  175[BANK1 ] int 
  i               4  146[BANK1 ] unsigned long 
  value           1  177[BANK1 ] unsigned char 
  i               2  161[BANK1 ] int 
  i               2  154[BANK1 ] int 
  i               2  156[BANK1 ] int 
  i               2  173[BANK1 ] int 
  i               2  123[BANK1 ] unsigned int 
  str           102    0[BANK1 ] unsigned char [17][6]
  store          17  127[BANK1 ] unsigned char [17]
  clear           9  114[BANK1 ] unsigned char [9]
  key             4  178[BANK1 ] unsigned long 
  c1              4  169[BANK1 ] unsigned long 
  c               4  165[BANK1 ] unsigned long 
  speed           4  102[BANK1 ] unsigned char [4]
  sc              2  183[BANK1 ] unsigned int 
  option          2  163[BANK1 ] unsigned int 
  a               2  158[BANK1 ] unsigned int 
  save            2  144[BANK1 ] unsigned int 
  cl              2  125[BANK1 ] unsigned int 
  flag3           2  112[BANK1 ] unsigned int 
  flag2           2  110[BANK1 ] unsigned int 
  option1         2  108[BANK1 ] unsigned int 
  j               2  106[BANK1 ] unsigned int 
  k               1  182[BANK1 ] unsigned char 
  add             1  160[BANK1 ] unsigned char 
 Return value:  Size  Location     Type
                  1    wreg      void 
 Registers used:
		wreg, fsr0l, fsr0h, fsr1l, fsr1h, fsr2l, fsr2h, status,2, status,0, tblptrl, tblptrh, tblptru, prodl, prodh, cstack
 Tracked objects:
		On entry : 
		On exit  : 
		Unchanged: 
 Data sizes:     COMRAM   BANK0   BANK1   BANK2   BANK3   BANK4   BANK5
      Params:         0       0       0       0       0       0       0
      Locals:         0       0     185       0       0       0       0
      Temps:          2       0       0       0       0       0       0
      Totals:         2       0     185       0       0       0       0
Total ram usage:      187 bytes
 Hardware stack levels required when called:    6
 This function calls:
		___ftdiv
		___fttol
		___lwdiv
		___lwmod
		___lwtoft
		___wmul
		_changepass
		_clcd_print
		_clcd_putch
		_download
		_get_time
		_init_config
		_pass
		_puts
		_read_adc
		_read_switches
		_settime
		_view
		_writeEEP
		_write_ds1307
 This function is called by:
		Startup code after reset
 This function uses a non-reentrant model


 *************** function _writeEEP *****************
 Defined at:
		line 12 in file "EEP.c"
 Parameters:    Size  Location     Type
  address         1    wreg     unsigned char 
  data            1    1[COMRAM] unsigned char 
 Auto vars:     Size  Location     Type
  address         1    2[COMRAM] unsigned char 
  i               2    3[COMRAM] int 
 Return value:  Size  Location     Type
                  1    wreg      void 
 Registers used:
		wreg, status,2, status,0, cstack
 Tracked objects:
		On entry : 
		On exit  : 
		Unchanged: 
 Data sizes:     COMRAM   BANK0   BANK1   BANK2   BANK3   BANK4   BANK5
      Params:         1       0       0       0       0       0       0
      Locals:         3       0       0       0       0       0       0
      Temps:          0       0       0       0       0       0       0
      Totals:         4       0       0       0       0       0       0
Total ram usage:        4 bytes
 Hardware stack levels used:    1
 Hardware stack levels required when called:    2
 This function calls:
		_i2c_start
		_i2c_stop
		_i2c_write
 This function is called by:
		_main
 This function uses a non-reentrant model


 *************** function _view *****************
 Defined at:
		line 7 in file "view.c"
 Parameters:    Size  Location     Type
		None
 Auto vars:     Size  Location     Type
  i               2   53[COMRAM] int 
  i               2   51[COMRAM] int 
  i               2   43[COMRAM] int 
  display1       17   26[COMRAM] unsigned char [17]
  display        17    9[COMRAM] unsigned char [17]
  count           2   49[COMRAM] unsigned int 
  count1          2   47[COMRAM] unsigned int 
  read            1   55[COMRAM] unsigned char 
  flag            1   46[COMRAM] unsigned char 
  key             1   45[COMRAM] unsigned char 
 Return value:  Size  Location     Type
                  2  197[None  ] int 
 Registers used:
		wreg, fsr0l, fsr0h, fsr2l, fsr2h, status,2, status,0, tblptrl, tblptrh, tblptru, cstack
 Tracked objects:
		On entry : 
		On exit  : 
		Unchanged: 
 Data sizes:     COMRAM   BANK0   BANK1   BANK2   BANK3   BANK4   BANK5
      Params:         0       0       0       0       0       0       0
      Locals:        47       0       0       0       0       0       0
      Temps:          0       0       0       0       0       0       0
      Totals:        47       0       0       0       0       0       0
Total ram usage:       47 bytes
 Hardware stack levels used:    1
 Hardware stack levels required when called:    4
 This function calls:
		_clcd_print
		_readEEP
		_read_switches
 This function is called by:
		_main
 This function uses a non-reentrant model


 *************** function _settime *****************
 Defined at:
		line 6 in file "settime.c"
 Parameters:    Size  Location     Type
		None
 Auto vars:     Size  Location     Type
  flag            2   23[COMRAM] unsigned int 
  blink           2   21[COMRAM] unsigned int 
  m               2   19[COMRAM] int 
  l               2   17[COMRAM] int 
  k               2   15[COMRAM] int 
  key             2   13[COMRAM] unsigned int 
  delay           2   11[COMRAM] unsigned int 
 Return value:  Size  Location     Type
                  1    wreg      void 
 Registers used:
		wreg, fsr0l, fsr0h, status,2, status,0, tblptrl, tblptrh, tblptru, cstack
 Tracked objects:
		On entry : 
		On exit  : 
		Unchanged: 
 Data sizes:     COMRAM   BANK0   BANK1   BANK2   BANK3   BANK4   BANK5
      Params:         0       0       0       0       0       0       0
      Locals:        14       0       0       0       0       0       0
      Temps:          2       0       0       0       0       0       0
      Totals:        16       0       0       0       0       0       0
Total ram usage:       16 bytes
 Hardware stack levels used:    1
 Hardware stack levels required when called:    2
 This function calls:
		___awdiv
		___awmod
		_clcd_print
		_read_switches
 This function is called by:
		_main
 This function uses a non-reentrant model


 *************** function ___awmod *****************
 Defined at:
		line 8 in file "/opt/microchip/xc8/v1.36/sources/common/awmod.c"
 Parameters:    Size  Location     Type
  dividend        2    0[COMRAM] int 
  divisor         2    2[COMRAM] int 
 Auto vars:     Size  Location     Type
  sign            1    5[COMRAM] unsigned char 
  counter         1    4[COMRAM] unsigned char 
 Return value:  Size  Location     Type
                  2    0[COMRAM] int 
 Registers used:
		wreg, status,2, status,0
 Tracked objects:
		On entry : 
		On exit  : 
		Unchanged: 
 Data sizes:     COMRAM   BANK0   BANK1   BANK2   BANK3   BANK4   BANK5
      Params:         4       0       0       0       0       0       0
      Locals:         2       0       0       0       0       0       0
      Temps:          0       0       0       0       0       0       0
      Totals:         6       0       0       0       0       0       0
Total ram usage:        6 bytes
 Hardware stack levels used:    1
 This function calls:
		Nothing
 This function is called by:
		_settime
 This function uses a non-reentrant model


 *************** function ___awdiv *****************
 Defined at:
		line 8 in file "/opt/microchip/xc8/v1.36/sources/common/awdiv.c"
 Parameters:    Size  Location     Type
  dividend        2    0[COMRAM] int 
  divisor         2    2[COMRAM] int 
 Auto vars:     Size  Location     Type
  quotient        2    6[COMRAM] int 
  sign            1    5[COMRAM] unsigned char 
  counter         1    4[COMRAM] unsigned char 
 Return value:  Size  Location     Type
                  2    0[COMRAM] int 
 Registers used:
		wreg, status,2, status,0
 Tracked objects:
		On entry : 
		On exit  : 
		Unchanged: 
 Data sizes:     COMRAM   BANK0   BANK1   BANK2   BANK3   BANK4   BANK5
      Params:         4       0       0       0       0       0       0
      Locals:         4       0       0       0       0       0       0
      Temps:          0       0       0       0       0       0       0
      Totals:         8       0       0       0       0       0       0
Total ram usage:        8 bytes
 Hardware stack levels used:    1
 This function calls:
		Nothing
 This function is called by:
		_settime
 This function uses a non-reentrant model


 *************** function _read_adc *****************
 Defined at:
		line 41 in file "adc.c"
 Parameters:    Size  Location     Type
  channel         1    wreg     unsigned char 
 Auto vars:     Size  Location     Type
  channel         1    6[COMRAM] unsigned char 
  reg_val         2    4[COMRAM] unsigned short 
 Return value:  Size  Location     Type
                  2    0[COMRAM] unsigned short 
 Registers used:
		wreg, status,2, status,0
 Tracked objects:
		On entry : 
		On exit  : 
		Unchanged: 
 Data sizes:     COMRAM   BANK0   BANK1   BANK2   BANK3   BANK4   BANK5
      Params:         2       0       0       0       0       0       0
      Locals:         3       0       0       0       0       0       0
      Temps:          2       0       0       0       0       0       0
      Totals:         7       0       0       0       0       0       0
Total ram usage:        7 bytes
 Hardware stack levels used:    1
 This function calls:
		Nothing
 This function is called by:
		_main
 This function uses a non-reentrant model


 *************** function _pass *****************
 Defined at:
		line 6 in file "pass.c"
 Parameters:    Size  Location     Type
		None
 Auto vars:     Size  Location     Type
  i               4   33[COMRAM] long 
  i               2   45[COMRAM] int 
  i               2   24[COMRAM] int 
  str2            9   15[COMRAM] unsigned char [9]
  k               2   47[COMRAM] unsigned int 
  flag            2   42[COMRAM] unsigned int 
  j               2   40[COMRAM] unsigned int 
  blink           2   37[COMRAM] unsigned int 
  delay           2   30[COMRAM] unsigned int 
  t               2   28[COMRAM] unsigned int 
  m               2   26[COMRAM] unsigned int 
  y               2   13[COMRAM] unsigned int 
  i               2   11[COMRAM] unsigned int 
  try             1   44[COMRAM] unsigned char 
  key             1   39[COMRAM] unsigned char 
  input           1   32[COMRAM] unsigned char 
 Return value:  Size  Location     Type
                  2  191[None  ] int 
 Registers used:
		wreg, fsr0l, fsr0h, fsr1l, fsr1h, fsr2l, fsr2h, status,2, status,0, tblptrl, tblptrh, tblptru, cstack
 Tracked objects:
		On entry : 
		On exit  : 
		Unchanged: 
 Data sizes:     COMRAM   BANK0   BANK1   BANK2   BANK3   BANK4   BANK5
      Params:         0       0       0       0       0       0       0
      Locals:        38       0       0       0       0       0       0
      Temps:          2       0       0       0       0       0       0
      Totals:        40       0       0       0       0       0       0
Total ram usage:       40 bytes
 Hardware stack levels used:    1
 Hardware stack levels required when called:    2
 This function calls:
		_clcd_print
		_clcd_putch
		_read_switches
 This function is called by:
		_main
 This function uses a non-reentrant model


 *************** function _clcd_putch *****************
 Defined at:
		line 51 in file "clcd.c"
 Parameters:    Size  Location     Type
  data            1    wreg     const unsigned char 
  addr            1    2[COMRAM] unsigned char 
 Auto vars:     Size  Location     Type
  data            1    3[COMRAM] const unsigned char 
 Return value:  Size  Location     Type
                  1    wreg      void 
 Registers used:
		wreg, status,2, cstack
 Tracked objects:
		On entry : 
		On exit  : 
		Unchanged: 
 Data sizes:     COMRAM   BANK0   BANK1   BANK2   BANK3   BANK4   BANK5
      Params:         1       0       0       0       0       0       0
      Locals:         1       0       0       0       0       0       0
      Temps:          0       0       0       0       0       0       0
      Totals:         2       0       0       0       0       0       0
Total ram usage:        2 bytes
 Hardware stack levels used:    1
 Hardware stack levels required when called:    1
 This function calls:
		_clcd_write
 This function is called by:
		_main
		_pass
 This function uses a non-reentrant model


 *************** function _init_config *****************
 Defined at:
		line 51 in file "main.c"
 Parameters:    Size  Location     Type
		None
 Auto vars:     Size  Location     Type
		None
 Return value:  Size  Location     Type
                  1    wreg      void 
 Registers used:
		wreg, status,2, status,0, cstack
 Tracked objects:
		On entry : 
		On exit  : 
		Unchanged: 
 Data sizes:     COMRAM   BANK0   BANK1   BANK2   BANK3   BANK4   BANK5
      Params:         0       0       0       0       0       0       0
      Locals:         0       0       0       0       0       0       0
      Temps:          0       0       0       0       0       0       0
      Totals:         0       0       0       0       0       0       0
Total ram usage:        0 bytes
 Hardware stack levels used:    1
 Hardware stack levels required when called:    5
 This function calls:
		_init_adc
		_init_clcd
		_init_ds1307
		_init_i2c
		_init_matrix_keypad
		_init_uart
 This function is called by:
		_main
 This function uses a non-reentrant model


 *************** function _init_uart *****************
 Defined at:
		line 4 in file "uart.c"
 Parameters:    Size  Location     Type
		None
 Auto vars:     Size  Location     Type
		None
 Return value:  Size  Location     Type
                  1    wreg      void 
 Registers used:
		wreg, status,2
 Tracked objects:
		On entry : 
		On exit  : 
		Unchanged: 
 Data sizes:     COMRAM   BANK0   BANK1   BANK2   BANK3   BANK4   BANK5
      Params:         0       0       0       0       0       0       0
      Locals:         0       0       0       0       0       0       0
      Temps:          0       0       0       0       0       0       0
      Totals:         0       0       0       0       0       0       0
Total ram usage:        0 bytes
 Hardware stack levels used:    1
 This function calls:
		Nothing
 This function is called by:
		_init_config
 This function uses a non-reentrant model


 *************** function _init_matrix_keypad *****************
 Defined at:
		line 4 in file "matrix_keypad.c"
 Parameters:    Size  Location     Type
		None
 Auto vars:     Size  Location     Type
		None
 Return value:  Size  Location     Type
                  1    wreg      void 
 Registers used:
		wreg, status,2, status,0
 Tracked objects:
		On entry : 
		On exit  : 
		Unchanged: 
 Data sizes:     COMRAM   BANK0   BANK1   BANK2   BANK3   BANK4   BANK5
      Params:         0       0       0       0       0       0       0
      Locals:         0       0       0       0       0       0       0
      Temps:          0       0       0       0       0       0       0
      Totals:         0       0       0       0       0       0       0
Total ram usage:        0 bytes
 Hardware stack levels used:    1
 This function calls:
		Nothing
 This function is called by:
		_init_config
 This function uses a non-reentrant model


 *************** function _init_i2c *****************
 Defined at:
		line 3 in file "i2c.c"
 Parameters:    Size  Location     Type
		None
 Auto vars:     Size  Location     Type
		None
 Return value:  Size  Location     Type
                  1    wreg      void 
 Registers used:
		wreg, status,2
 Tracked objects:
		On entry : 
		On exit  : 
		Unchanged: 
 Data sizes:     COMRAM   BANK0   BANK1   BANK2   BANK3   BANK4   BANK5
      Params:         0       0       0       0       0       0       0
      Locals:         0       0       0       0       0       0       0
      Temps:          0       0       0       0       0       0       0
      Totals:         0       0       0       0       0       0       0
Total ram usage:        0 bytes
 Hardware stack levels used:    1
 This function calls:
		Nothing
 This function is called by:
		_init_config
 This function uses a non-reentrant model


 *************** function _init_ds1307 *****************
 Defined at:
		line 12 in file "ds1307.c"
 Parameters:    Size  Location     Type
		None
 Auto vars:     Size  Location     Type
  dummy           1    3[COMRAM] unsigned char 
 Return value:  Size  Location     Type
                  1    wreg      void 
 Registers used:
		wreg, status,2, status,0, cstack
 Tracked objects:
		On entry : 
		On exit  : 
		Unchanged: 
 Data sizes:     COMRAM   BANK0   BANK1   BANK2   BANK3   BANK4   BANK5
      Params:         0       0       0       0       0       0       0
      Locals:         1       0       0       0       0       0       0
      Temps:          0       0       0       0       0       0       0
      Totals:         1       0       0       0       0       0       0
Total ram usage:        1 bytes
 Hardware stack levels used:    1
 Hardware stack levels required when called:    4
 This function calls:
		_read_ds1307
		_write_ds1307
 This function is called by:
		_init_config
 This function uses a non-reentrant model


 *************** function _write_ds1307 *****************
 Defined at:
		line 45 in file "ds1307.c"
 Parameters:    Size  Location     Type
  address         1    wreg     unsigned char 
  data            1    1[COMRAM] unsigned char 
 Auto vars:     Size  Location     Type
  address         1    2[COMRAM] unsigned char 
 Return value:  Size  Location     Type
                  1    wreg      void 
 Registers used:
		wreg, status,2, cstack
 Tracked objects:
		On entry : 
		On exit  : 
		Unchanged: 
 Data sizes:     COMRAM   BANK0   BANK1   BANK2   BANK3   BANK4   BANK5
      Params:         1       0       0       0       0       0       0
      Locals:         1       0       0       0       0       0       0
      Temps:          0       0       0       0       0       0       0
      Totals:         2       0       0       0       0       0       0
Total ram usage:        2 bytes
 Hardware stack levels used:    1
 Hardware stack levels required when called:    2
 This function calls:
		_i2c_start
		_i2c_stop
		_i2c_write
 This function is called by:
		_main
		_init_ds1307
 This function uses a non-reentrant model


 *************** function _init_clcd *****************
 Defined at:
		line 27 in file "clcd.c"
 Parameters:    Size  Location     Type
		None
 Auto vars:     Size  Location     Type
		None
 Return value:  Size  Location     Type
                  1    wreg      void 
 Registers used:
		wreg, status,2, status,0, cstack
 Tracked objects:
		On entry : 
		On exit  : 
		Unchanged: 
 Data sizes:     COMRAM   BANK0   BANK1   BANK2   BANK3   BANK4   BANK5
      Params:         0       0       0       0       0       0       0
      Locals:         0       0       0       0       0       0       0
      Temps:          0       0       0       0       0       0       0
      Totals:         0       0       0       0       0       0       0
Total ram usage:        0 bytes
 Hardware stack levels used:    1
 Hardware stack levels required when called:    1
 This function calls:
		_clcd_write
 This function is called by:
		_init_config
 This function uses a non-reentrant model


 *************** function _init_adc *****************
 Defined at:
		line 4 in file "adc.c"
 Parameters:    Size  Location     Type
		None
 Auto vars:     Size  Location     Type
		None
 Return value:  Size  Location     Type
                  1    wreg      void 
 Registers used:
		wreg, status,2
 Tracked objects:
		On entry : 
		On exit  : 
		Unchanged: 
 Data sizes:     COMRAM   BANK0   BANK1   BANK2   BANK3   BANK4   BANK5
      Params:         0       0       0       0       0       0       0
      Locals:         0       0       0       0       0       0       0
      Temps:          0       0       0       0       0       0       0
      Totals:         0       0       0       0       0       0       0
Total ram usage:        0 bytes
 Hardware stack levels used:    1
 This function calls:
		Nothing
 This function is called by:
		_init_config
 This function uses a non-reentrant model


 *************** function _get_time *****************
 Defined at:
		line 27 in file "main.c"
 Parameters:    Size  Location     Type
		None
 Auto vars:     Size  Location     Type
		None
 Return value:  Size  Location     Type
                  1    wreg      void 
 Registers used:
		wreg, status,2, status,0, cstack
 Tracked objects:
		On entry : 
		On exit  : 
		Unchanged: 
 Data sizes:     COMRAM   BANK0   BANK1   BANK2   BANK3   BANK4   BANK5
      Params:         0       0       0       0       0       0       0
      Locals:         0       0       0       0       0       0       0
      Temps:          0       0       0       0       0       0       0
      Totals:         0       0       0       0       0       0       0
Total ram usage:        0 bytes
 Hardware stack levels used:    1
 Hardware stack levels required when called:    4
 This function calls:
		_read_ds1307
 This function is called by:
		_main
 This function uses a non-reentrant model


 *************** function _read_ds1307 *****************
 Defined at:
		line 54 in file "ds1307.c"
 Parameters:    Size  Location     Type
  address         1    wreg     unsigned char 
 Auto vars:     Size  Location     Type
  address         1    1[COMRAM] unsigned char 
  data            1    2[COMRAM] unsigned char 
 Return value:  Size  Location     Type
                  1    wreg      unsigned char 
 Registers used:
		wreg, status,2, cstack
 Tracked objects:
		On entry : 
		On exit  : 
		Unchanged: 
 Data sizes:     COMRAM   BANK0   BANK1   BANK2   BANK3   BANK4   BANK5
      Params:         0       0       0       0       0       0       0
      Locals:         2       0       0       0       0       0       0
      Temps:          0       0       0       0       0       0       0
      Totals:         2       0       0       0       0       0       0
Total ram usage:        2 bytes
 Hardware stack levels used:    1
 Hardware stack levels required when called:    3
 This function calls:
		_i2c_read
		_i2c_rep_start
		_i2c_start
		_i2c_stop
		_i2c_write
 This function is called by:
		_get_time
		_init_ds1307
 This function uses a non-reentrant model


 *************** function _download *****************
 Defined at:
		line 6 in file "download.c"
 Parameters:    Size  Location     Type
		None
 Auto vars:     Size  Location     Type
  i               2   21[COMRAM] int 
  display        17    3[COMRAM] unsigned char [17]
  less            1   20[COMRAM] unsigned char 
 Return value:  Size  Location     Type
                  2  199[None  ] int 
 Registers used:
		wreg, fsr0l, fsr0h, fsr2l, fsr2h, status,2, status,0, tblptrl, tblptrh, tblptru, cstack
 Tracked objects:
		On entry : 
		On exit  : 
		Unchanged: 
 Data sizes:     COMRAM   BANK0   BANK1   BANK2   BANK3   BANK4   BANK5
      Params:         0       0       0       0       0       0       0
      Locals:        20       0       0       0       0       0       0
      Temps:          0       0       0       0       0       0       0
      Totals:        20       0       0       0       0       0       0
Total ram usage:       20 bytes
 Hardware stack levels used:    1
 Hardware stack levels required when called:    4
 This function calls:
		_puts
		_readEEP
 This function is called by:
		_main
 This function uses a non-reentrant model


 *************** function _readEEP *****************
 Defined at:
		line 22 in file "EEP.c"
 Parameters:    Size  Location     Type
  address         1    wreg     unsigned char 
 Auto vars:     Size  Location     Type
  address         1    1[COMRAM] unsigned char 
  data            1    2[COMRAM] unsigned char 
 Return value:  Size  Location     Type
                  1    wreg      unsigned char 
 Registers used:
		wreg, status,2, cstack
 Tracked objects:
		On entry : 
		On exit  : 
		Unchanged: 
 Data sizes:     COMRAM   BANK0   BANK1   BANK2   BANK3   BANK4   BANK5
      Params:         0       0       0       0       0       0       0
      Locals:         2       0       0       0       0       0       0
      Temps:          0       0       0       0       0       0       0
      Totals:         2       0       0       0       0       0       0
Total ram usage:        2 bytes
 Hardware stack levels used:    1
 Hardware stack levels required when called:    3
 This function calls:
		_i2c_read
		_i2c_rep_start
		_i2c_start
		_i2c_stop
		_i2c_write
 This function is called by:
		_download
		_view
 This function uses a non-reentrant model


 *************** function _i2c_write *****************
 Defined at:
		line 54 in file "i2c.c"
 Parameters:    Size  Location     Type
  data            1    wreg     unsigned char 
 Auto vars:     Size  Location     Type
  data            1    0[COMRAM] unsigned char 
 Return value:  Size  Location     Type
                  1    wreg      void 
 Registers used:
		wreg, cstack
 Tracked objects:
		On entry : 
		On exit  : 
		Unchanged: 
 Data sizes:     COMRAM   BANK0   BANK1   BANK2   BANK3   BANK4   BANK5
      Params:         0       0       0       0       0       0       0
      Locals:         1       0       0       0       0       0       0
      Temps:          0       0       0       0       0       0       0
      Totals:         1       0       0       0       0       0       0
Total ram usage:        1 bytes
 Hardware stack levels used:    1
 Hardware stack levels required when called:    1
 This function calls:
		_i2c_idle
 This function is called by:
		_writeEEP
		_readEEP
		_write_ds1307
		_read_ds1307
 This function uses a non-reentrant model


 *************** function _i2c_stop *****************
 Defined at:
		line 42 in file "i2c.c"
 Parameters:    Size  Location     Type
		None
 Auto vars:     Size  Location     Type
		None
 Return value:  Size  Location     Type
                  1    wreg      void 
 Registers used:
		cstack
 Tracked objects:
		On entry : 
		On exit  : 
		Unchanged: 
 Data sizes:     COMRAM   BANK0   BANK1   BANK2   BANK3   BANK4   BANK5
      Params:         0       0       0       0       0       0       0
      Locals:         0       0       0       0       0       0       0
      Temps:          0       0       0       0       0       0       0
      Totals:         0       0       0       0       0       0       0
Total ram usage:        0 bytes
 Hardware stack levels used:    1
 Hardware stack levels required when called:    1
 This function calls:
		_i2c_idle
 This function is called by:
		_writeEEP
		_readEEP
		_write_ds1307
		_read_ds1307
 This function uses a non-reentrant model


 *************** function _i2c_start *****************
 Defined at:
		line 36 in file "i2c.c"
 Parameters:    Size  Location     Type
		None
 Auto vars:     Size  Location     Type
		None
 Return value:  Size  Location     Type
                  1    wreg      void 
 Registers used:
		cstack
 Tracked objects:
		On entry : 
		On exit  : 
		Unchanged: 
 Data sizes:     COMRAM   BANK0   BANK1   BANK2   BANK3   BANK4   BANK5
      Params:         0       0       0       0       0       0       0
      Locals:         0       0       0       0       0       0       0
      Temps:          0       0       0       0       0       0       0
      Totals:         0       0       0       0       0       0       0
Total ram usage:        0 bytes
 Hardware stack levels used:    1
 Hardware stack levels required when called:    1
 This function calls:
		_i2c_idle
 This function is called by:
		_writeEEP
		_readEEP
		_write_ds1307
		_read_ds1307
 This function uses a non-reentrant model


 *************** function _i2c_rep_start *****************
 Defined at:
		line 48 in file "i2c.c"
 Parameters:    Size  Location     Type
		None
 Auto vars:     Size  Location     Type
		None
 Return value:  Size  Location     Type
                  1    wreg      void 
 Registers used:
		cstack
 Tracked objects:
		On entry : 
		On exit  : 
		Unchanged: 
 Data sizes:     COMRAM   BANK0   BANK1   BANK2   BANK3   BANK4   BANK5
      Params:         0       0       0       0       0       0       0
      Locals:         0       0       0       0       0       0       0
      Temps:          0       0       0       0       0       0       0
      Totals:         0       0       0       0       0       0       0
Total ram usage:        0 bytes
 Hardware stack levels used:    1
 Hardware stack levels required when called:    1
 This function calls:
		_i2c_idle
 This function is called by:
		_readEEP
		_read_ds1307
 This function uses a non-reentrant model


 *************** function _i2c_read *****************
 Defined at:
		line 72 in file "i2c.c"
 Parameters:    Size  Location     Type
		None
 Auto vars:     Size  Location     Type
		None
 Return value:  Size  Location     Type
                  1    wreg      unsigned char 
 Registers used:
		wreg, status,2, cstack
 Tracked objects:
		On entry : 
		On exit  : 
		Unchanged: 
 Data sizes:     COMRAM   BANK0   BANK1   BANK2   BANK3   BANK4   BANK5
      Params:         0       0       0       0       0       0       0
      Locals:         0       0       0       0       0       0       0
      Temps:          0       0       0       0       0       0       0
      Totals:         0       0       0       0       0       0       0
Total ram usage:        0 bytes
 Hardware stack levels used:    1
 Hardware stack levels required when called:    2
 This function calls:
		_i2c_no_ack
		_i2c_rx_mode
 This function is called by:
		_readEEP
		_read_ds1307
 This function uses a non-reentrant model


 *************** function _i2c_rx_mode *****************
 Defined at:
		line 60 in file "i2c.c"
 Parameters:    Size  Location     Type
		None
 Auto vars:     Size  Location     Type
		None
 Return value:  Size  Location     Type
                  1    wreg      void 
 Registers used:
		cstack
[...]
 Registers used:
		wreg, fsr0l, fsr0h, status,2, status,0, tblptrl, tblptrh, tblptru, cstack
 Tracked objects:
		On entry : 
		On exit  : 
		Unchanged: 
 Data sizes:     COMRAM   BANK0   BANK1   BANK2   BANK3   BANK4   BANK5
      Params:         2       0       0       0       0       0       0
      Locals:         0       0       0       0       0       0       0
      Temps:          0       0       0       0       0       0       0
      Totals:         2       0       0       0       0       0       0
Total ram usage:        2 bytes
 Hardware stack levels used:    1
 Hardware stack levels required when called:    1
 This function calls:
		_putch
 This function is called by:
		_main
		_download
 This function uses a non-reentrant model


 *************** function _putch *****************
 Defined at:
		line 79 in file "uart.c"
 Parameters:    Size  Location     Type
  byte            1    wreg     unsigned char 
 Auto vars:     Size  Location     Type
  byte            1    0[COMRAM] unsigned char 
 Return value:  Size  Location     Type
                  1    wreg      void 
 Registers used:
		wreg
 Tracked objects:
		On entry : 
		On exit  : 
		Unchanged: 
 Data sizes:     COMRAM   BANK0   BANK1   BANK2   BANK3   BANK4   BANK5
      Params:         0       0       0       0       0       0       0
      Locals:         1       0       0       0       0       0       0
      Temps:          0       0       0       0       0       0       0
      Totals:         1       0       0       0       0       0       0
Total ram usage:        1 bytes
 Hardware stack levels used:    1
 This function calls:
		Nothing
 This function is called by:
		_puts
		_getche
 This function uses a non-reentrant model


 *************** function _changepass *****************
 Defined at:
		line 8 in file "changepass.c"
 Parameters:    Size  Location     Type
		None
 Auto vars:     Size  Location     Type
  i               2   31[COMRAM] unsigned int 
  i               2   45[COMRAM] int 
  i               2   43[COMRAM] int 
  pass1           9   20[COMRAM] unsigned char [9]
  pass2           9   11[COMRAM] unsigned char [9]
  blink           2   52[COMRAM] unsigned int 
  k1              2   50[COMRAM] unsigned int 
  k               2   48[COMRAM] unsigned int 
  j1              2   39[COMRAM] unsigned int 
  j               2   37[COMRAM] unsigned int 
  flag1           2   35[COMRAM] unsigned int 
  flag            2   33[COMRAM] unsigned int 
  delay           2   29[COMRAM] unsigned int 
  key             1   47[COMRAM] unsigned char 
  input2          1   42[COMRAM] unsigned char 
  input           1   41[COMRAM] unsigned char 
 Return value:  Size  Location     Type
                  1    wreg      void 
 Registers used:
		wreg, fsr0l, fsr0h, fsr1l, fsr1h, fsr2l, fsr2h, status,2, status,0, tblptrl, tblptrh, tblptru, cstack
 Tracked objects:
		On entry : 
		On exit  : 
		Unchanged: 
 Data sizes:     COMRAM   BANK0   BANK1   BANK2   BANK3   BANK4   BANK5
      Params:         0       0       0       0       0       0       0
      Locals:        43       0       0       0       0       0       0
      Temps:          2       0       0       0       0       0       0
      Totals:        45       0       0       0       0       0       0
Total ram usage:       45 bytes
 Hardware stack levels used:    1
 Hardware stack levels required when called:    2
 This function calls:
		_clcd_print
		_clcd_write
		_read_switches
 This function is called by:
		_main
 This function uses a non-reentrant model


 *************** function _read_switches *****************
 Defined at:
		line 88 in file "matrix_keypad.c"
 Parameters:    Size  Location     Type
  detection_ty    1    wreg     unsigned char 
 Auto vars:     Size  Location     Type
  detection_ty    1    0[COMRAM] unsigned char 
 Return value:  Size  Location     Type
                  1    wreg      unsigned char 
 Registers used:
		wreg, status,2, status,0, cstack
 Tracked objects:
		On entry : 
		On exit  : 
		Unchanged: 
 Data sizes:     COMRAM   BANK0   BANK1   BANK2   BANK3   BANK4   BANK5
      Params:         0       0       0       0       0       0       0
      Locals:         1       0       0       0       0       0       0
      Temps:          0       0       0       0       0       0       0
      Totals:         1       0       0       0       0       0       0
Total ram usage:        1 bytes
 Hardware stack levels used:    1
 Hardware stack levels required when called:    1
 This function calls:
		_scan_key
 This function is called by:
		_changepass
		_main
		_pass
		_view
		_settime
 This function uses a non-reentrant model


 *************** function _scan_key *****************
 Defined at:
		line 18 in file "matrix_keypad.c"
 Parameters:    Size  Location     Type
		None
 Auto vars:     Size  Location     Type
		None
 Return value:  Size  Location     Type
                  1    wreg      unsigned char 
 Registers used:
		wreg
 Tracked objects:
		On entry : 
		On exit  : 
		Unchanged: 
 Data sizes:     COMRAM   BANK0   BANK1   BANK2   BANK3   BANK4   BANK5
      Params:         0       0       0       0       0       0       0
      Locals:         0       0       0       0       0       0       0
      Temps:          0       0       0       0       0       0       0
      Totals:         0       0       0       0       0       0       0
Total ram usage:        0 bytes
 Hardware stack levels used:    1
 This function calls:
		Nothing
 This function is called by:
		_read_switches
 This function uses a non-reentrant model


 *************** function _clcd_print *****************
 Defined at:
		line 42 in file "clcd.c"
 Parameters:    Size  Location     Type
  data            2    6[COMRAM] PTR const unsigned char 
		 -> STR_40(3), STR_39(3), STR_38(3), STR_37(17), 
		 -> STR_36(17), view@display1(17), view@display(17), STR_34(16), 
		 -> STR_33(16), STR_32(19), STR_31(5), STR_30(10), 
		 -> STR_29(2), STR_28(2), STR_27(2), STR_26(2), 
		 -> STR_25(17), STR_24(17), set(9), STR_23(17), 
		 -> STR_22(17), STR_21(17), STR_20(17), STR_15(17), 
		 -> main@store(17), main@str(102), STR_14(17), STR_13(17), 
		 -> STR_12(17), STR_11(2), STR_10(2), STR_9(2), 
		 -> STR_8(2), STR_7(19), STR_6(16), STR_5(2), 
		 -> STR_4(2), STR_3(2), STR_2(2), STR_1(18), 
  addr            1    8[COMRAM] unsigned char 
 Auto vars:     Size  Location     Type
		None
 Return value:  Size  Location     Type
                  1    wreg      void 
 Registers used:
		wreg, fsr0l, fsr0h, status,2, status,0, tblptrl, tblptrh, tblptru, cstack
 Tracked objects:
		On entry : 
		On exit  : 
		Unchanged: 
 Data sizes:     COMRAM   BANK0   BANK1   BANK2   BANK3   BANK4   BANK5
      Params:         3       0       0       0       0       0       0
      Locals:         0       0       0       0       0       0       0
      Temps:          0       0       0       0       0       0       0
      Totals:         3       0       0       0       0       0       0
Total ram usage:        3 bytes
 Hardware stack levels used:    1
 Hardware stack levels required when called:    1
 This function calls:
		_clcd_write
 This function is called by:
		_changepass
		_main
		_pass
		_view
		_settime
 This function uses a non-reentrant model


 *************** function _clcd_write *****************
 Defined at:
		line 4 in file "clcd.c"
 Parameters:    Size  Location     Type
  byte            1    wreg     unsigned char 
  control_bit     1    0[COMRAM] unsigned char 
 Auto vars:     Size  Location     Type
  byte            1    1[COMRAM] unsigned char 
 Return value:  Size  Location     Type
                  1    wreg      void 
 Registers used:
		wreg
 Tracked objects:
		On entry : 
		On exit  : 
		Unchanged: 
 Data sizes:     COMRAM   BANK0   BANK1   BANK2   BANK3   BANK4   BANK5
      Params:         1       0       0       0       0       0       0
      Locals:         1       0       0       0       0       0       0
      Temps:          0       0       0       0       0       0       0
      Totals:         2       0       0       0       0       0       0
Total ram usage:        2 bytes
 Hardware stack levels used:    1
 This function calls:
		Nothing
 This function is called by:
		_changepass
		_init_clcd
		_clcd_print
		_clcd_putch
 This function uses a non-reentrant model


 *************** function ___wmul *****************
 Defined at:
		line 15 in file "/opt/microchip/xc8/v1.36/sources/common/Umul16.c"
 Parameters:    Size  Location     Type
  multiplier      2    0[COMRAM] unsigned int 
  multiplicand    2    2[COMRAM] unsigned int 
 Auto vars:     Size  Location     Type
  product         2    4[COMRAM] unsigned int 
 Return value:  Size  Location     Type
                  2    0[COMRAM] unsigned int 
 Registers used:
		wreg, status,2, status,0, prodl, prodh
 Tracked objects:
		On entry : 
		On exit  : 
		Unchanged: 
 Data sizes:     COMRAM   BANK0   BANK1   BANK2   BANK3   BANK4   BANK5
      Params:         4       0       0       0       0       0       0
      Locals:         2       0       0       0       0       0       0
      Temps:          0       0       0       0       0       0       0
      Totals:         6       0       0       0       0       0       0
Total ram usage:        6 bytes
 Hardware stack levels used:    1
 This function calls:
		Nothing
 This function is called by:
		_main
 This function uses a non-reentrant model


 *************** function ___lwtoft *****************
 Defined at:
		line 28 in file "/opt/microchip/xc8/v1.36/sources/common/lwtoft.c"
 Parameters:    Size  Location     Type
  c               2    8[COMRAM] unsigned int 
 Auto vars:     Size  Location     Type
		None
 Return value:  Size  Location     Type
                  3    8[COMRAM] float 
 Registers used:
		wreg, status,2, status,0, cstack
 Tracked objects:
		On entry : 
		On exit  : 
		Unchanged: 
 Data sizes:     COMRAM   BANK0   BANK1   BANK2   BANK3   BANK4   BANK5
      Params:         3       0       0       0       0       0       0
      Locals:         0       0       0       0       0       0       0
      Temps:          0       0       0       0       0       0       0
      Totals:         3       0       0       0       0       0       0
Total ram usage:        3 bytes
 Hardware stack levels used:    1
 Hardware stack levels required when called:    1
 This function calls:
		___ftpack
 This function is called by:
		_main
 This function uses a non-reentrant model


 *************** function ___lwmod *****************
 Defined at:
		line 8 in file "/opt/microchip/xc8/v1.36/sources/common/lwmod.c"
 Parameters:    Size  Location     Type
  dividend        2    0[COMRAM] unsigned int 
  divisor         2    2[COMRAM] unsigned int 
 Auto vars:     Size  Location     Type
  counter         1    4[COMRAM] unsigned char 
 Return value:  Size  Location     Type
                  2    0[COMRAM] unsigned int 
 Registers used:
		wreg, status,2, status,0
 Tracked objects:
		On entry : 
		On exit  : 
		Unchanged: 
 Data sizes:     COMRAM   BANK0   BANK1   BANK2   BANK3   BANK4   BANK5
      Params:         4       0       0       0       0       0       0
      Locals:         1       0       0       0       0       0       0
      Temps:          0       0       0       0       0       0       0
      Totals:         5       0       0       0       0       0       0
Total ram usage:        5 bytes
 Hardware stack levels used:    1
 This function calls:
		Nothing
 This function is called by:
		_main
 This function uses a non-reentrant model


 *************** function ___lwdiv *****************
 Defined at:
		line 8 in file "/opt/microchip/xc8/v1.36/sources/common/lwdiv.c"
 Parameters:    Size  Location     Type
  dividend        2    5[COMRAM] unsigned int 
  divisor         2    7[COMRAM] unsigned int 
 Auto vars:     Size  Location     Type
  quotient        2    9[COMRAM] unsigned int 
  counter         1   11[COMRAM] unsigned char 
 Return value:  Size  Location     Type
                  2    5[COMRAM] unsigned int 
 Registers used:
		wreg, status,2, status,0
 Tracked objects:
		On entry : 
		On exit  : 
		Unchanged: 
 Data sizes:     COMRAM   BANK0   BANK1   BANK2   BANK3   BANK4   BANK5
      Params:         4       0       0       0       0       0       0
      Locals:         3       0       0       0       0       0       0
      Temps:          0       0       0       0       0       0       0
      Totals:         7       0       0       0       0       0       0
Total ram usage:        7 bytes
 Hardware stack levels used:    1
 This function calls:
		Nothing
 This function is called by:
		_main
 This function uses a non-reentrant model


 *************** function ___fttol *****************
 Defined at:
		line 44 in file "/opt/microchip/xc8/v1.36/sources/common/fttol.c"
 Parameters:    Size  Location     Type
  f1              3   26[COMRAM] float 
 Auto vars:     Size  Location     Type
  lval            4   36[COMRAM] unsigned long 
  exp1            1   40[COMRAM] unsigned char 
  sign1           1   35[COMRAM] unsigned char 
 Return value:  Size  Location     Type
                  4   26[COMRAM] long 
 Registers used:
		wreg, status,2, status,0
 Tracked objects:
		On entry : 
		On exit  : 
		Unchanged: 
 Data sizes:     COMRAM   BANK0   BANK1   BANK2   BANK3   BANK4   BANK5
      Params:         4       0       0       0       0       0       0
      Locals:         6       0       0       0       0       0       0
      Temps:          5       0       0       0       0       0       0
      Totals:        15       0       0       0       0       0       0
Total ram usage:       15 bytes
 Hardware stack levels used:    1
 This function calls:
		Nothing
 This function is called by:
		_main
 This function uses a non-reentrant model


 *************** function ___ftdiv *****************
 Defined at:
		line 54 in file "/opt/microchip/xc8/v1.36/sources/common/ftdiv.c"
 Parameters:    Size  Location     Type
  f1              3   11[COMRAM] float 
  f2              3   14[COMRAM] float 
 Auto vars:     Size  Location     Type
  f3              3   21[COMRAM] float 
  sign            1   25[COMRAM] unsigned char 
  exp             1   24[COMRAM] unsigned char 
  cntr            1   20[COMRAM] unsigned char 
 Return value:  Size  Location     Type
                  3   11[COMRAM] float 
 Registers used:
		wreg, status,2, status,0, cstack
 Tracked objects:
		On entry : 
		On exit  : 
		Unchanged: 
 Data sizes:     COMRAM   BANK0   BANK1   BANK2   BANK3   BANK4   BANK5
      Params:         6       0       0       0       0       0       0
      Locals:         6       0       0       0       0       0       0
      Temps:          3       0       0       0       0       0       0
      Totals:        15       0       0       0       0       0       0
Total ram usage:       15 bytes
 Hardware stack levels used:    1
 Hardware stack levels required when called:    1
 This function calls:
		___ftpack
 This function is called by:
		_main
 This function uses a non-reentrant model


 *************** function ___ftpack *****************
 Defined at:
		line 62 in file "/opt/microchip/xc8/v1.36/sources/common/float.c"
 Parameters:    Size  Location     Type
  arg             3    0[COMRAM] unsigned um
  exp             1    3[COMRAM] unsigned char 
  sign            1    4[COMRAM] unsigned char 
 Auto vars:     Size  Location     Type
		None
 Return value:  Size  Location     Type
                  3    0[COMRAM] float 
 Registers used:
		wreg, status,2, status,0
 Tracked objects:
		On entry : 
		On exit  : 
		Unchanged: 
 Data sizes:     COMRAM   BANK0   BANK1   BANK2   BANK3   BANK4   BANK5
      Params:         5       0       0       0       0       0       0
      Locals:         0       0       0       0       0       0       0
      Temps:          3       0       0       0       0       0       0
      Totals:         8       0       0       0       0       0       0
Total ram usage:        8 bytes
 Hardware stack levels used:    1
 This function calls:
		Nothing
 This function is called by:
		___ftdiv
		___lwtoft
 This function uses a non-reentrant model



MODULE INFORMATION

Module		Function		Class		Link	Load	Size
EEP.c
		_writeEEP      		CODE           	10CC	0000	59
		_readEEP       		CODE           	1042	0000	43

EEP.c estimated size: 102

matrix_keypad.c
		_init_matrix_keypad		CODE           	0F1E	0000	19
		_read_switches 		CODE           	1142	0000	63
		_scan_key      		CODE           	14F8	0000	121

matrix_keypad.c estimated size: 203

/opt/microchip/xc8/v1.36/sources/common/fttol.c
		___fttol       		CODE           	1800	0000	245

/opt/microchip/xc8/v1.36/sources/common/fttol.c estimated size: 245

uart.c
		_putch         		CODE           	0EEC	0000	13
		_init_uart     		CODE           	1180	0000	63
		_puts          		CODE           	129A	0000	83

uart.c estimated size: 159

/opt/microchip/xc8/v1.36/sources/common/awdiv.c
		___awdiv       		CODE           	15E8	0000	133

/opt/microchip/xc8/v1.36/sources/common/awdiv.c estimated size: 133

/opt/microchip/xc8/v1.36/sources/common/Umul16.c
		___wmul        		CODE           	0FF4	0000	39

/opt/microchip/xc8/v1.36/sources/common/Umul16.c estimated size: 39

changepass.c
		_changepass    		CODE           	2078	0000	909

changepass.c estimated size: 909

i2c.c
		_i2c_start     		CODE           	0EDC	0000	9
		_i2c_no_ack    		CODE           	0EBE	0000	7
		_i2c_rep_start 		CODE           	0ED4	0000	9
		_i2c_idle      		CODE           	0EC4	0000	9
		_i2c_write     		CODE           	0F04	0000	13
		_i2c_stop      		CODE           	0EE4	0000	9
		_i2c_read      		CODE           	0EF8	0000	13
		_init_i2c      		CODE           	0F44	0000	23
		_i2c_rx_mode   		CODE           	0ECC	0000	9

i2c.c estimated size: 101

view.c
		_view          		CODE           	18F4	0000	459

view.c estimated size: 459

ds1307.c
		_read_ds1307   		CODE           	106C	0000	43
		_write_ds1307  		CODE           	0F72	0000	31
		_init_ds1307   		CODE           	1200	0000	73

ds1307.c estimated size: 147

adc.c
		_init_adc      		CODE           	0F90	0000	33
		_read_adc      		CODE           	1106	0000	61

adc.c estimated size: 94

/opt/microchip/xc8/v1.36/sources/common/float.c
		___ftpack      		CODE           	166C	0000	175

/opt/microchip/xc8/v1.36/sources/common/float.c estimated size: 175

/opt/microchip/xc8/v1.36/sources/common/lwmod.c
		___lwmod       		CODE           	11BE	0000	67

/opt/microchip/xc8/v1.36/sources/common/lwmod.c estimated size: 67

shared
		__initialization		CODE           	1482	0000	109

shared estimated size: 109

clcd.c
		_clcd_write    		CODE           	101A	0000	41
		_clcd_print    		CODE           	134A	0000	97
		_clcd_putch    		CODE           	0F5A	0000	25
		_init_clcd     		CODE           	1096	0000	55

clcd.c estimated size: 218

download.c
		_download      		CODE           	12EC	0000	95

download.c estimated size: 95

/opt/microchip/xc8/v1.36/sources/common/lwtoft.c
		___lwtoft      		CODE           	0FD0	0000	37

/opt/microchip/xc8/v1.36/sources/common/lwtoft.c estimated size: 37

settime.c
		_settime       		CODE           	1ABE	0000	719

settime.c estimated size: 719

/opt/microchip/xc8/v1.36/sources/common/awmod.c
		___awmod       		CODE           	1412	0000	113

/opt/microchip/xc8/v1.36/sources/common/awmod.c estimated size: 113

main.c
		_main          		CODE           	2404	0000	2809
		_get_time      		CODE           	13AA	0000	105
		_init_config   		CODE           	0FB0	0000	33

main.c estimated size: 2947

/opt/microchip/xc8/v1.36/sources/common/ftdiv.c
		___ftdiv       		CODE           	171A	0000	231

/opt/microchip/xc8/v1.36/sources/common/ftdiv.c estimated size: 231

pass.c
		_pass          		CODE           	1D8C	0000	749

pass.c estimated size: 749

/opt/microchip/xc8/v1.36/sources/common/lwdiv.c
		___lwdiv       		CODE           	1248	0000	83

/opt/microchip/xc8/v1.36/sources/common/lwdiv.c estimated size: 83

